------------------------------------------------------------
TimeQuest Timing Analyzer Summary
------------------------------------------------------------

Type  : Slow 1100mV 85C Model Setup 'CLOCK_50'
Slack : -4.673
TNS   : -79.432

Type  : Slow 1100mV 85C Model Hold 'CLOCK_50'
Slack : 0.231
TNS   : 0.000

Type  : Slow 1100mV 85C Model Minimum Pulse Width 'CLOCK_50'
Slack : -0.394
TNS   : -17.822

Type  : Slow 1100mV 0C Model Setup 'CLOCK_50'
Slack : -4.704
TNS   : -78.705

Type  : Slow 1100mV 0C Model Hold 'CLOCK_50'
Slack : 0.212
TNS   : 0.000

Type  : Slow 1100mV 0C Model Minimum Pulse Width 'CLOCK_50'
Slack : -0.394
TNS   : -18.906

Type  : Fast 1100mV 85C Model Setup 'CLOCK_50'
Slack : -2.301
TNS   : -35.048

Type  : Fast 1100mV 85C Model Hold 'CLOCK_50'
Slack : 0.137
TNS   : 0.000

Type  : Fast 1100mV 85C Model Minimum Pulse Width 'CLOCK_50'
Slack : -0.095
TNS   : -3.133

Type  : Fast 1100mV 0C Model Setup 'CLOCK_50'
Slack : -2.075
TNS   : -30.701

Type  : Fast 1100mV 0C Model Hold 'CLOCK_50'
Slack : 0.126
TNS   : 0.000

Type  : Fast 1100mV 0C Model Minimum Pulse Width 'CLOCK_50'
Slack : -0.093
TNS   : -3.091

------------------------------------------------------------
